---
source: tests/snapshots.rs
expression: output
---
# Inventory

Stock on hand at the end of the quarter.

| Item | Quantity | Price |
| --- | --- | --- |
| Widget 1 | 3 | 7.00 |
| Widget 2 | 6 | 14.00 |
| Widget 3 | 9 | 21.00 |
| Widget 4 | 12 | 28.00 |
| Widget 5 | 15 | 35.00 |
| Widget 6 | 18 | 42.00 |
| Widget 7 | 21 | 49.00 |
| Widget 8 | 24 | 56.00 |
| Widget 9 | 27 | 63.00 |
| Widget 10 | 30 | 70.00 |

## All prices exclude tax.
